libtool: install: cp ./.libs/transbybd.so /home/robert/robert/zephir_test/transbybd/ext/modules/transbybd.so
libtool: install: cp ./.libs/transbybd.lai /home/robert/robert/zephir_test/transbybd/ext/modules/transbybd.la
libtool: finish: PATH="/usr/local/bin:/usr/bin:/usr/local/sbin:/usr/sbin:/home/robert/.local/bin:/home/robert/bin:/sbin" ldconfig -n /home/robert/robert/zephir_test/transbybd/ext/modules
----------------------------------------------------------------------
Libraries have been installed in:
   /home/robert/robert/zephir_test/transbybd/ext/modules

If you ever happen to want to link against installed libraries
in a given directory, LIBDIR, you must either use libtool, and
specify the full pathname of the library, or use the `-LLIBDIR'
flag during linking and do at least one of the following:
   - add LIBDIR to the `LD_LIBRARY_PATH' environment variable
     during execution
   - add LIBDIR to the `LD_RUN_PATH' environment variable
     during linking
   - use the `-Wl,-rpath -Wl,LIBDIR' linker flag
   - have your system administrator add LIBDIR to `/etc/ld.so.conf'

See any operating system documentation about shared libraries for
more information, such as the ld(1) and ld.so(8) manual pages.
----------------------------------------------------------------------

Build complete.
Don't forget to run 'make test'.

/bin/sh /home/robert/robert/zephir_test/transbybd/ext/libtool --mode=install cp ./transbybd.la /home/robert/robert/zephir_test/transbybd/ext/modules
libtool: install: cp ./.libs/transbybd.so /home/robert/robert/zephir_test/transbybd/ext/modules/transbybd.so
libtool: install: cp ./.libs/transbybd.lai /home/robert/robert/zephir_test/transbybd/ext/modules/transbybd.la
libtool: finish: PATH="/sbin:/bin:/usr/sbin:/usr/bin:/sbin" ldconfig -n /home/robert/robert/zephir_test/transbybd/ext/modules
----------------------------------------------------------------------
Libraries have been installed in:
   /home/robert/robert/zephir_test/transbybd/ext/modules

If you ever happen to want to link against installed libraries
in a given directory, LIBDIR, you must either use libtool, and
specify the full pathname of the library, or use the `-LLIBDIR'
flag during linking and do at least one of the following:
   - add LIBDIR to the `LD_LIBRARY_PATH' environment variable
     during execution
   - add LIBDIR to the `LD_RUN_PATH' environment variable
     during linking
   - use the `-Wl,-rpath -Wl,LIBDIR' linker flag
   - have your system administrator add LIBDIR to `/etc/ld.so.conf'

See any operating system documentation about shared libraries for
more information, such as the ld(1) and ld.so(8) manual pages.
----------------------------------------------------------------------
Installing shared extensions:     /usr/lib64/php/modules/
Installing header files:          /usr/include/php/
